// Jest Snapshot v1, https://goo.gl/fbAQLP

exports[`Left drawer snapshot 1`] = `
<div
  className="MuiDrawer-root MuiDrawer-docked makeStyles-drawer-8"
>
  <div
    className="MuiPaper-root MuiDrawer-paper MuiDrawer-paperAnchorLeft makeStyles-drawerPaper-9 MuiDrawer-paperAnchorDockedLeft MuiPaper-elevation0"
    style={
      Object {
        "visibility": undefined,
      }
    }
  >
    <div
      className="makeStyles-drawerHeader-10"
    >
      <img
        height="49px"
        src="test-file-stub"
      />
    </div>
    <nav
      className="MuiList-root makeStyles-list-1 MuiList-padding"
    >
      <a
        aria-disabled={false}
        className="MuiButtonBase-root MuiListItem-root MuiListItem-gutters MuiListItem-button"
        href="/dashboard"
        onBlur={[Function]}
        onClick={[Function]}
        onDragLeave={[Function]}
        onFocus={[Function]}
        onKeyDown={[Function]}
        onKeyUp={[Function]}
        onMouseDown={[Function]}
        onMouseLeave={[Function]}
        onMouseUp={[Function]}
        onTouchEnd={[Function]}
        onTouchMove={[Function]}
        onTouchStart={[Function]}
        role="button"
        tabIndex={0}
      >
        <div
          className="MuiListItemIcon-root makeStyles-menuItemIcon-2"
        >
          <svg
            aria-hidden="true"
            className="MuiSvgIcon-root"
            focusable="false"
            viewBox="0 0 24 24"
          >
            <path
              d="M19 3H5c-1.1 0-2 .9-2 2v14c0 1.1.9 2 2 2h14c1.1 0 2-.9 2-2V5c0-1.1-.9-2-2-2zM9 17H7v-7h2v7zm4 0h-2V7h2v10zm4 0h-2v-4h2v4z"
            />
          </svg>
        </div>
        <div
          className="MuiListItemText-root makeStyles-menuItemText-3"
        >
          Dashboard
        </div>
      </a>
      <a
        aria-disabled={false}
        className="MuiButtonBase-root MuiListItem-root MuiListItem-gutters MuiListItem-button"
        href="/settings"
        onBlur={[Function]}
        onClick={[Function]}
        onDragLeave={[Function]}
        onFocus={[Function]}
        onKeyDown={[Function]}
        onKeyUp={[Function]}
        onMouseDown={[Function]}
        onMouseLeave={[Function]}
        onMouseUp={[Function]}
        onTouchEnd={[Function]}
        onTouchMove={[Function]}
        onTouchStart={[Function]}
        role="button"
        tabIndex={0}
      >
        <div
          className="MuiListItemIcon-root makeStyles-menuItemIcon-2"
          id="settings"
        >
          <svg
            aria-hidden="true"
            className="MuiSvgIcon-root"
            focusable="false"
            viewBox="0 0 24 24"
          >
            <path
              d="M15.95 10.78c.03-.25.05-.51.05-.78s-.02-.53-.06-.78l1.69-1.32c.15-.12.19-.34.1-.51l-1.6-2.77c-.1-.18-.31-.24-.49-.18l-1.99.8c-.42-.32-.86-.58-1.35-.78L12 2.34c-.03-.2-.2-.34-.4-.34H8.4c-.2 0-.36.14-.39.34l-.3 2.12c-.49.2-.94.47-1.35.78l-1.99-.8c-.18-.07-.39 0-.49.18l-1.6 2.77c-.1.18-.06.39.1.51l1.69 1.32c-.04.25-.07.52-.07.78s.02.53.06.78L2.37 12.1c-.15.12-.19.34-.1.51l1.6 2.77c.1.18.31.24.49.18l1.99-.8c.42.32.86.58 1.35.78l.3 2.12c.04.2.2.34.4.34h3.2c.2 0 .37-.14.39-.34l.3-2.12c.49-.2.94-.47 1.35-.78l1.99.8c.18.07.39 0 .49-.18l1.6-2.77c.1-.18.06-.39-.1-.51l-1.67-1.32zM10 13c-1.65 0-3-1.35-3-3s1.35-3 3-3 3 1.35 3 3-1.35 3-3 3z"
              transform="scale(1.2, 1.2)"
            />
          </svg>
        </div>
        <div
          className="MuiListItemText-root makeStyles-menuItemText-3"
        >
          Settings
        </div>
      </a>
      <div>
        <div
          aria-disabled={false}
          className="MuiButtonBase-root MuiListItem-root MuiListItem-gutters MuiListItem-button"
          onBlur={[Function]}
          onClick={[Function]}
          onDragLeave={[Function]}
          onFocus={[Function]}
          onKeyDown={[Function]}
          onKeyUp={[Function]}
          onMouseDown={[Function]}
          onMouseLeave={[Function]}
          onMouseUp={[Function]}
          onTouchEnd={[Function]}
          onTouchMove={[Function]}
          onTouchStart={[Function]}
          role="button"
          tabIndex={0}
        >
          <div
            className="MuiListItemText-root makeStyles-menuItemText-3"
            id="resources"
          >
            Resources
          </div>
          <svg
            aria-hidden="true"
            className="MuiSvgIcon-root makeStyles-menuItemText-3"
            focusable="false"
            viewBox="0 0 24 24"
          >
            <path
              d="M16.59 8.59L12 13.17 7.41 8.59 6 10l6 6 6-6z"
            />
          </svg>
        </div>
      </div>
      <div>
        <div
          aria-disabled={false}
          className="MuiButtonBase-root MuiListItem-root MuiListItem-gutters MuiListItem-button"
          onBlur={[Function]}
          onClick={[Function]}
          onDragLeave={[Function]}
          onFocus={[Function]}
          onKeyDown={[Function]}
          onKeyUp={[Function]}
          onMouseDown={[Function]}
          onMouseLeave={[Function]}
          onMouseUp={[Function]}
          onTouchEnd={[Function]}
          onTouchMove={[Function]}
          onTouchStart={[Function]}
          role="button"
          tabIndex={0}
        >
          <div
            className="MuiListItemText-root makeStyles-menuItemText-3"
            id="equipments"
          >
            Equipments
          </div>
          <svg
            aria-hidden="true"
            className="MuiSvgIcon-root makeStyles-menuItemText-3"
            focusable="false"
            viewBox="0 0 24 24"
          >
            <path
              d="M16.59 8.59L12 13.17 7.41 8.59 6 10l6 6 6-6z"
            />
          </svg>
        </div>
      </div>
      <div>
        <div
          aria-disabled={false}
          className="MuiButtonBase-root MuiListItem-root MuiListItem-gutters MuiListItem-button"
          onBlur={[Function]}
          onClick={[Function]}
          onDragLeave={[Function]}
          onFocus={[Function]}
          onKeyDown={[Function]}
          onKeyUp={[Function]}
          onMouseDown={[Function]}
          onMouseLeave={[Function]}
          onMouseUp={[Function]}
          onTouchEnd={[Function]}
          onTouchMove={[Function]}
          onTouchStart={[Function]}
          role="button"
          tabIndex={0}
        >
          <div
            className="MuiListItemText-root makeStyles-menuItemText-3"
            id="services"
          >
            Services
          </div>
          <svg
            aria-hidden="true"
            className="MuiSvgIcon-root makeStyles-menuItemText-3"
            focusable="false"
            viewBox="0 0 24 24"
          >
            <path
              d="M16.59 8.59L12 13.17 7.41 8.59 6 10l6 6 6-6z"
            />
          </svg>
        </div>
      </div>
      <div>
        <div
          aria-disabled={false}
          className="MuiButtonBase-root MuiListItem-root MuiListItem-gutters MuiListItem-button"
          onBlur={[Function]}
          onClick={[Function]}
          onDragLeave={[Function]}
          onFocus={[Function]}
          onKeyDown={[Function]}
          onKeyUp={[Function]}
          onMouseDown={[Function]}
          onMouseLeave={[Function]}
          onMouseUp={[Function]}
          onTouchEnd={[Function]}
          onTouchMove={[Function]}
          onTouchStart={[Function]}
          role="button"
          tabIndex={0}
        >
          <div
            className="MuiListItemText-root makeStyles-menuItemText-3"
            id="address"
          >
            Address
          </div>
          <svg
            aria-hidden="true"
            className="MuiSvgIcon-root makeStyles-menuItemText-3"
            focusable="false"
            viewBox="0 0 24 24"
          >
            <path
              d="M16.59 8.59L12 13.17 7.41 8.59 6 10l6 6 6-6z"
            />
          </svg>
        </div>
      </div>
      <div>
        <div
          aria-disabled={false}
          className="MuiButtonBase-root MuiListItem-root MuiListItem-gutters MuiListItem-button"
          onBlur={[Function]}
          onClick={[Function]}
          onDragLeave={[Function]}
          onFocus={[Function]}
          onKeyDown={[Function]}
          onKeyUp={[Function]}
          onMouseDown={[Function]}
          onMouseLeave={[Function]}
          onMouseUp={[Function]}
          onTouchEnd={[Function]}
          onTouchMove={[Function]}
          onTouchStart={[Function]}
          role="button"
          tabIndex={0}
        >
          <div
            className="MuiListItemText-root makeStyles-menuItemText-3"
            id="settings"
          >
            Settings
          </div>
          <svg
            aria-hidden="true"
            className="MuiSvgIcon-root makeStyles-menuItemText-3"
            focusable="false"
            viewBox="0 0 24 24"
          >
            <path
              d="M16.59 8.59L12 13.17 7.41 8.59 6 10l6 6 6-6z"
            />
          </svg>
        </div>
      </div>
      <div>
        <div
          aria-disabled={false}
          className="MuiButtonBase-root MuiListItem-root MuiListItem-gutters MuiListItem-button"
          onBlur={[Function]}
          onClick={[Function]}
          onDragLeave={[Function]}
          onFocus={[Function]}
          onKeyDown={[Function]}
          onKeyUp={[Function]}
          onMouseDown={[Function]}
          onMouseLeave={[Function]}
          onMouseUp={[Function]}
          onTouchEnd={[Function]}
          onTouchMove={[Function]}
          onTouchStart={[Function]}
          role="button"
          tabIndex={0}
        >
          <div
            className="MuiListItemText-root makeStyles-menuItemText-3"
            id="stock"
          >
            Stock
          </div>
          <svg
            aria-hidden="true"
            className="MuiSvgIcon-root makeStyles-menuItemText-3"
            focusable="false"
            viewBox="0 0 24 24"
          >
            <path
              d="M16.59 8.59L12 13.17 7.41 8.59 6 10l6 6 6-6z"
            />
          </svg>
        </div>
      </div>
    </nav>
  </div>
</div>
`;
