// Jest Snapshot v1, https://goo.gl/fbAQLP

exports[`Page base snapshot 1`] = `
Array [
  <div
    className="MuiGrid-root MuiGrid-container MuiGrid-justify-xs-space-between"
  >
    <div
      className="MuiGrid-root MuiGrid-item"
    >
      <div
        className="MuiGrid-root MuiGrid-container MuiGrid-spacing-xs-1"
      >
        <div
          className="MuiGrid-root MuiGrid-item"
          style={
            Object {
              "cursor": "pointer",
            }
          }
        >
          <svg
            alt="Go back"
            aria-hidden="true"
            className="MuiSvgIcon-root"
            focusable="false"
            onClick={[Function]}
            viewBox="0 0 24 24"
          >
            <path
              d="M21 11H6.83l3.58-3.59L9 6l-6 6 6 6 1.41-1.41L6.83 13H21z"
            />
          </svg>
        </div>
        <div
          className="MuiGrid-root MuiGrid-item"
          style={
            Object {
              "paddingBottom": 15,
            }
          }
        >
          <p
            className="MuiTypography-root MuiTypography-body1"
          />
        </div>
      </div>
    </div>
    <div
      className="MuiGrid-root MuiGrid-item"
    >
      <li
        aria-disabled={false}
        className="MuiButtonBase-root MuiListItem-root MuiMenuItem-root MuiMenuItem-gutters MuiListItem-gutters MuiListItem-button"
        onBlur={[Function]}
        onDragLeave={[Function]}
        onFocus={[Function]}
        onKeyDown={[Function]}
        onKeyUp={[Function]}
        onMouseDown={[Function]}
        onMouseLeave={[Function]}
        onMouseUp={[Function]}
        onTouchEnd={[Function]}
        onTouchMove={[Function]}
        onTouchStart={[Function]}
        role="menuitem"
        tabIndex={-1}
      >
        test
      </li>
    </div>
  </div>,
  <div
    className="MuiPaper-root MuiPaper-elevation1 MuiPaper-rounded"
    style={
      Object {
        "padding": 30,
      }
    }
  >
    <div
      className="MuiGrid-root MuiGrid-container MuiGrid-align-content-xs-center MuiGrid-justify-xs-space-between"
    >
      <div
        className="MuiGrid-root MuiGrid-item"
      >
        <h3
          className="MuiTypography-root MuiTypography-h3"
          style={
            Object {
              "fontSize": 24,
              "fontWeight": undefined,
              "marginBottom": 20,
            }
          }
        >
          test
        </h3>
      </div>
      <div
        className="MuiGrid-root MuiGrid-item"
      >
        <button
          className="MuiButtonBase-root MuiButton-root MuiButton-text"
          disabled={false}
          onBlur={[Function]}
          onDragLeave={[Function]}
          onFocus={[Function]}
          onKeyDown={[Function]}
          onKeyUp={[Function]}
          onMouseDown={[Function]}
          onMouseLeave={[Function]}
          onMouseUp={[Function]}
          onTouchEnd={[Function]}
          onTouchMove={[Function]}
          onTouchStart={[Function]}
          tabIndex={0}
          type="button"
        >
          <span
            className="MuiButton-label"
          >
            button
          </span>
        </button>
      </div>
    </div>
    <hr
      className="MuiDivider-root"
    />
    <div>
      test
    </div>
    <div
      style={
        Object {
          "clear": "both",
        }
      }
    />
  </div>,
]
`;
