// Jest Snapshot v1, https://goo.gl/fbAQLP

exports[`PieChartBox snapshot 1`] = `
<div
  className="MuiPaper-root MuiPaper-elevation1 MuiPaper-rounded"
>
  <div
    className="MuiBox-root MuiBox-root-30"
  >
    <div
      className="MuiGrid-root MuiGrid-container MuiGrid-spacing-xs-2"
    >
      <div
        className="MuiGrid-root MuiGrid-item MuiGrid-grid-xs-12"
      >
        <p
          className="MuiTypography-root MuiTypography-body1"
        >
          test chart
        </p>
      </div>
      <div
        className="MuiGrid-root MuiGrid-item MuiGrid-grid-xs-12 MuiGrid-grid-sm-8"
      />
      <div
        className="MuiGrid-root MuiGrid-item MuiGrid-grid-xs-12 MuiGrid-grid-sm-4"
      >
        <div
          className="MuiGrid-root MuiGrid-container MuiGrid-spacing-xs-1 MuiGrid-direction-xs-column MuiGrid-align-items-xs-flex-end"
        >
          <div
            className="MuiGrid-root MuiGrid-item"
          >
            <div
              className="MuiChip-root MuiChip-colorSecondary"
              onKeyDown={[Function]}
              onKeyUp={[Function]}
              style={
                Object {
                  "backgroundColor": "#b2ebf2",
                }
              }
            >
              <span
                className="MuiChip-label"
              >
                10 test
              </span>
            </div>
          </div>
          <div
            className="MuiGrid-root MuiGrid-item"
          >
            <div
              className="MuiChip-root MuiChip-colorSecondary"
              onKeyDown={[Function]}
              onKeyUp={[Function]}
              style={
                Object {
                  "backgroundColor": "#80deea",
                }
              }
            >
              <span
                className="MuiChip-label"
              >
                20 test2
              </span>
            </div>
          </div>
        </div>
      </div>
    </div>
  </div>
</div>
`;
